Device: cuda
Train batch=2  grad_accum=8  (effective batch=16)
C:\Users\nvt\AppData\Local\Temp\pids-bench-deberta-20261002\Lib\site-packages\transformers\convert_slow_tokenizer.py:564: UserWarning: The sentencepiece tokenizer that you are converting to a fast tokenizer uses the byte fallback option which is not implemented in the fast tokenizers. In practice this means that the fast version of the tokenizer can produce unknown tokens whereas the sentencepiece version would have converted these unknown tokens into a sequence of byte tokens matching the original piece of text.
  warnings.warn(

Map:   0%|          | 0/27093 [00:00<?, ? examples/s]
Map:   4%|3         | 1000/27093 [00:01<00:31, 818.36 examples/s]
Map:   7%|7         | 2000/27093 [00:02<00:32, 772.30 examples/s]
Map:  11%|#1        | 3000/27093 [00:04<00:35, 675.34 examples/s]
Map:  15%|#4        | 4000/27093 [00:06<00:38, 605.22 examples/s]
Map:  18%|#8        | 5000/27093 [00:07<00:34, 645.05 examples/s]
Map:  22%|##2       | 6000/27093 [00:08<00:30, 701.98 examples/s]
Map:  26%|##5       | 7000/27093 [00:09<00:27, 734.82 examples/s]
Map:  30%|##9       | 8000/27093 [00:11<00:28, 660.07 examples/s]
Map:  33%|###3      | 9000/27093 [00:13<00:30, 590.77 examples/s]
Map:  37%|###6      | 10000/27093 [00:15<00:27, 614.85 examples/s]
Map:  41%|####      | 11000/27093 [00:16<00:24, 662.75 examples/s]
Map:  44%|####4     | 12000/27093 [00:17<00:21, 695.25 examples/s]
Map:  48%|####7     | 13000/27093 [00:19<00:20, 701.75 examples/s]
Map:  52%|#####1    | 14000/27093 [00:21<00:19, 658.25 examples/s]
Map:  55%|#####5    | 15000/27093 [00:22<00:18, 670.74 examples/s]
Map:  59%|#####9    | 16000/27093 [00:23<00:16, 690.69 examples/s]
Map:  63%|######2   | 17000/27093 [00:24<00:13, 737.30 examples/s]
Map:  66%|######6   | 18000/27093 [00:26<00:12, 750.48 examples/s]
Map:  70%|#######   | 19000/27093 [00:27<00:10, 785.69 examples/s]
Map:  74%|#######3  | 20000/27093 [00:28<00:09, 738.52 examples/s]
Map:  78%|#######7  | 21000/27093 [00:30<00:08, 728.30 examples/s]
Map:  81%|########1 | 22000/27093 [00:31<00:07, 720.31 examples/s]
Map:  85%|########4 | 23000/27093 [00:32<00:05, 748.68 examples/s]
Map:  89%|########8 | 24000/27093 [00:34<00:04, 773.20 examples/s]
Map:  92%|#########2| 25000/27093 [00:35<00:02, 797.46 examples/s]
Map:  96%|#########5| 26000/27093 [00:37<00:01, 720.23 examples/s]
Map: 100%|#########9| 27000/27093 [00:38<00:00, 707.79 examples/s]
Map: 100%|##########| 27093/27093 [00:38<00:00, 700.39 examples/s]
Map: 100%|##########| 27093/27093 [00:38<00:00, 701.01 examples/s]

Map:   0%|          | 0/3989 [00:00<?, ? examples/s]
Map:  25%|##5       | 1000/3989 [00:01<00:03, 830.19 examples/s]
Map:  50%|#####     | 2000/3989 [00:02<00:02, 701.26 examples/s]
Map:  75%|#######5  | 3000/3989 [00:04<00:01, 622.79 examples/s]
Map: 100%|##########| 3989/3989 [00:06<00:00, 598.25 examples/s]
Map: 100%|##########| 3989/3989 [00:06<00:00, 626.11 examples/s]

Map:   0%|          | 0/3918 [00:00<?, ? examples/s]
Map:  26%|##5       | 1000/3918 [00:01<00:04, 682.31 examples/s]
Map:  51%|#####1    | 2000/3918 [00:03<00:03, 606.06 examples/s]
Map:  77%|#######6  | 3000/3918 [00:05<00:01, 546.12 examples/s]
Map: 100%|##########| 3918/3918 [00:07<00:00, 517.68 examples/s]
Map: 100%|##########| 3918/3918 [00:07<00:00, 541.78 examples/s]
`torch_dtype` is deprecated! Use `dtype` instead!
Some weights of DebertaV2ForSequenceClassification were not initialized from the model checkpoint at microsoft/deberta-v3-base and are newly initialized: ['classifier.bias', 'classifier.weight', 'pooler.dense.bias', 'pooler.dense.weight']
You should probably TRAIN this model on a down-stream task to be able to use it for predictions and inference.

  0%|          | 0/5082 [00:00<?, ?it/s]
  0%|          | 1/5082 [00:05<8:00:38,  5.68s/it]
  0%|          | 2/5082 [00:09<6:35:05,  4.67s/it]
  0%|          | 3/5082 [00:13<5:47:25,  4.10s/it]
  0%|          | 4/5082 [00:15<5:01:19,  3.56s/it]
  0%|          | 5/5082 [00:18<4:31:33,  3.21s/it]
  0%|          | 6/5082 [00:21<4:36:26,  3.27s/it]
  0%|          | 7/5082 [00:24<4:16:12,  3.03s/it]
  0%|          | 8/5082 [00:28<4:39:11,  3.30s/it]
  0%|          | 9/5082 [00:31<4:51:01,  3.44s/it]
  0%|          | 10/5082 [00:34<4:35:54,  3.26s/it]
  0%|          | 11/5082 [00:38<4:53:38,  3.47s/it]
  0%|          | 12/5082 [00:42<4:49:41,  3.43s/it]
  0%|          | 13/5082 [00:44<4:31:08,  3.21s/it]
  0%|          | 14/5082 [00:49<5:05:33,  3.62s/it]
  0%|          | 15/5082 [00:54<5:32:48,  3.94s/it]
  0%|          | 16/5082 [00:58<5:49:43,  4.14s/it]
  0%|          | 17/5082 [01:03<6:04:29,  4.32s/it]
  0%|          | 18/5082 [01:06<5:39:25,  4.02s/it]
  0%|          | 19/5082 [01:09<5:02:00,  3.58s/it]
  0%|          | 20/5082 [01:13<5:07:39,  3.65s/it]
  0%|          | 21/5082 [01:15<4:42:42,  3.35s/it]
  0%|          | 22/5082 [01:19<4:46:46,  3.40s/it]
  0%|          | 23/5082 [01:22<4:30:53,  3.21s/it]
  0%|          | 24/5082 [01:25<4:36:42,  3.28s/it]
  0%|          | 25/5082 [01:29<4:45:05,  3.38s/it]
  1%|          | 26/5082 [01:31<4:30:25,  3.21s/it]
  1%|          | 27/5082 [01:35<4:40:23,  3.33s/it]
  1%|          | 28/5082 [01:39<5:09:40,  3.68s/it]
  1%|          | 29/5082 [01:43<4:54:54,  3.50s/it]
  1%|          | 30/5082 [01:45<4:35:28,  3.27s/it]
  1%|          | 31/5082 [01:49<4:43:52,  3.37s/it]
  1%|          | 32/5082 [01:53<4:58:34,  3.55s/it]
  1%|          | 33/5082 [01:56<4:35:56,  3.28s/it]
  1%|          | 34/5082 [01:58<4:21:26,  3.11s/it]
  1%|          | 35/5082 [02:01<4:13:01,  3.01s/it]
  1%|          | 36/5082 [02:04<4:04:00,  2.90s/it]
  1%|          | 37/5082 [02:06<3:55:42,  2.80s/it]
  1%|          | 38/5082 [02:09<3:56:19,  2.81s/it]
  1%|          | 39/5082 [02:12<3:54:59,  2.80s/it]
  1%|          | 40/5082 [02:14<3:51:08,  2.75s/it]
  1%|          | 41/5082 [02:17<3:44:29,  2.67s/it]
  1%|          | 42/5082 [02:20<3:43:29,  2.66s/it]
  1%|          | 43/5082 [02:22<3:45:19,  2.68s/it]
  1%|          | 44/5082 [02:25<3:42:49,  2.65s/it]
  1%|          | 45/5082 [02:28<3:43:36,  2.66s/it]
  1%|          | 46/5082 [02:30<3:39:00,  2.61s/it]
  1%|          | 47/5082 [02:33<3:40:27,  2.63s/it]
  1%|          | 48/5082 [02:35<3:38:51,  2.61s/it]
  1%|          | 49/5082 [02:38<3:40:59,  2.63s/it]
  1%|          | 50/5082 [02:40<3:37:31,  2.59s/it]
                                                   
{'loss': 0.692, 'grad_norm': 0.9265792965888977, 'learning_rate': 3.213114754098361e-06, 'epoch': 0.03}

  1%|          | 50/5082 [02:41<3:37:31,  2.59s/it]
  1%|1         | 51/5082 [02:43<3:47:00,  2.71s/it]
  1%|1         | 52/5082 [02:46<3:45:01,  2.68s/it]
  1%|1         | 53/5082 [02:49<3:42:27,  2.65s/it]
  1%|1         | 54/5082 [02:51<3:42:34,  2.66s/it]
  1%|1         | 55/5082 [02:54<3:42:57,  2.66s/it]
  1%|1         | 56/5082 [02:57<3:41:51,  2.65s/it]
  1%|1         | 57/5082 [03:00<3:58:50,  2.85s/it]
  1%|1         | 58/5082 [03:05<4:52:00,  3.49s/it]
  1%|1         | 59/5082 [03:09<4:58:00,  3.56s/it]
  1%|1         | 60/5082 [03:12<4:43:10,  3.38s/it]
  1%|1         | 61/5082 [03:14<4:23:58,  3.15s/it]
  1%|1         | 62/5082 [03:19<4:56:08,  3.54s/it]
  1%|1         | 63/5082 [03:22<4:56:15,  3.54s/it]
  1%|1         | 64/5082 [03:25<4:36:41,  3.31s/it]
  1%|1         | 65/5082 [03:28<4:25:40,  3.18s/it]
  1%|1         | 66/5082 [03:31<4:24:12,  3.16s/it]
  1%|1         | 67/5082 [03:34<4:30:42,  3.24s/it]
  1%|1         | 68/5082 [03:37<4:20:56,  3.12s/it]
  1%|1         | 69/5082 [03:40<4:08:38,  2.98s/it]
  1%|1         | 70/5082 [03:43<4:01:50,  2.90s/it]
  1%|1         | 71/5082 [03:45<3:53:02,  2.79s/it]
  1%|1         | 72/5082 [03:48<3:52:30,  2.78s/it]
  1%|1         | 73/5082 [03:51<3:57:13,  2.84s/it]
  1%|1         | 74/5082 [03:54<3:55:53,  2.83s/it]
  1%|1         | 75/5082 [03:56<3:51:10,  2.77s/it]
  1%|1         | 76/5082 [03:59<3:52:35,  2.79s/it]
  2%|1         | 77/5082 [04:02<3:55:57,  2.83s/it]
  2%|1         | 78/5082 [04:05<3:54:01,  2.81s/it]
  2%|1         | 79/5082 [04:08<3:56:02,  2.83s/it]
  2%|1         | 80/5082 [04:11<4:15:15,  3.06s/it]
  2%|1         | 81/5082 [04:14<4:17:40,  3.09s/it]
  2%|1         | 82/5082 [04:17<4:11:00,  3.01s/it]
  2%|1         | 83/5082 [04:20<4:14:47,  3.06s/it]
  2%|1         | 84/5082 [04:23<4:03:30,  2.92s/it]
  2%|1         | 85/5082 [04:27<4:20:58,  3.13s/it]
  2%|1         | 86/5082 [04:31<4:49:54,  3.48s/it]
  2%|1         | 87/5082 [04:34<4:36:46,  3.32s/it]
  2%|1         | 88/5082 [04:37<4:22:25,  3.15s/it]
  2%|1         | 89/5082 [04:40<4:16:04,  3.08s/it]
  2%|1         | 90/5082 [04:43<4:28:38,  3.23s/it]
  2%|1         | 91/5082 [04:46<4:16:49,  3.09s/it]
  2%|1         | 92/5082 [04:49<4:12:48,  3.04s/it]
  2%|1         | 93/5082 [04:52<4:10:22,  3.01s/it]
  2%|1         | 94/5082 [04:55<4:04:16,  2.94s/it]
  2%|1         | 95/5082 [04:57<3:55:38,  2.84s/it]
  2%|1         | 96/5082 [05:00<3:53:11,  2.81s/it]
  2%|1         | 97/5082 [05:03<3:48:04,  2.75s/it]
  2%|1         | 98/5082 [05:05<3:48:06,  2.75s/it]
  2%|1         | 99/5082 [05:08<3:51:46,  2.79s/it]
  2%|1         | 100/5082 [05:11<3:54:18,  2.82s/it]
                                                    
{'loss': 0.626, 'grad_norm': 3.278656244277954, 'learning_rate': 6.491803278688526e-06, 'epoch': 0.06}

  2%|1         | 100/5082 [05:11<3:54:18,  2.82s/it]
  2%|1         | 101/5082 [05:14<3:51:36,  2.79s/it]
  2%|2         | 102/5082 [05:16<3:47:37,  2.74s/it]
  2%|2         | 103/5082 [05:19<3:44:27,  2.70s/it]
  2%|2         | 104/5082 [05:22<3:44:49,  2.71s/it]
  2%|2         | 105/5082 [05:24<3:40:30,  2.66s/it]
  2%|2         | 106/5082 [05:27<3:42:41,  2.69s/it]
  2%|2         | 107/5082 [05:30<3:41:09,  2.67s/it]
  2%|2         | 108/5082 [05:32<3:39:00,  2.64s/it]
  2%|2         | 109/5082 [05:35<3:41:29,  2.67s/it]
  2%|2         | 110/5082 [05:38<3:45:50,  2.73s/it]
  2%|2         | 111/5082 [05:41<3:49:13,  2.77s/it]
  2%|2         | 112/5082 [05:43<3:42:46,  2.69s/it]
  2%|2         | 113/5082 [05:46<3:44:17,  2.71s/it]
  2%|2         | 114/5082 [05:49<3:43:03,  2.69s/it]
  2%|2         | 115/5082 [05:52<3:57:08,  2.86s/it]
  2%|2         | 116/5082 [05:55<3:53:47,  2.82s/it]
  2%|2         | 117/5082 [05:57<3:47:35,  2.75s/it]
  2%|2         | 118/5082 [06:00<3:45:58,  2.73s/it]
  2%|2         | 119/5082 [06:02<3:42:42,  2.69s/it]
  2%|2         | 120/5082 [06:05<3:41:48,  2.68s/it]
  2%|2         | 121/5082 [06:08<3:42:59,  2.70s/it]
  2%|2         | 122/5082 [06:11<3:41:23,  2.68s/it]
  2%|2         | 123/5082 [06:13<3:46:04,  2.74s/it]
  2%|2         | 124/5082 [06:16<3:40:24,  2.67s/it]
  2%|2         | 125/5082 [06:19<3:40:50,  2.67s/it]
  2%|2         | 126/5082 [06:21<3:44:10,  2.71s/it]
  2%|2         | 127/5082 [06:25<4:04:06,  2.96s/it]
  3%|2         | 128/5082 [06:28<3:56:02,  2.86s/it]
  3%|2         | 129/5082 [06:30<3:47:31,  2.76s/it]
  3%|2         | 130/5082 [06:33<3:47:07,  2.75s/it]
  3%|2         | 131/5082 [06:36<4:02:32,  2.94s/it]
  3%|2         | 132/5082 [06:39<3:58:12,  2.89s/it]
  3%|2         | 133/5082 [06:42<4:03:53,  2.96s/it]
  3%|2         | 134/5082 [06:45<3:58:48,  2.90s/it]
  3%|2         | 135/5082 [06:47<3:49:03,  2.78s/it]
  3%|2         | 136/5082 [06:50<3:43:18,  2.71s/it]
  3%|2         | 137/5082 [06:53<3:43:57,  2.72s/it]
  3%|2         | 138/5082 [06:55<3:40:37,  2.68s/it]
  3%|2         | 139/5082 [06:58<3:46:51,  2.75s/it]
  3%|2         | 140/5082 [07:02<4:05:39,  2.98s/it]
  3%|2         | 141/5082 [07:05<4:16:27,  3.11s/it]
  3%|2         | 142/5082 [07:08<4:12:37,  3.07s/it]
  3%|2         | 143/5082 [07:11<4:03:20,  2.96s/it]
  3%|2         | 144/5082 [07:14<4:06:13,  2.99s/it]
  3%|2         | 145/5082 [07:17<4:02:43,  2.95s/it]
  3%|2         | 146/5082 [07:22<4:55:38,  3.59s/it]
  3%|2         | 147/5082 [07:27<5:28:05,  3.99s/it]
  3%|2         | 148/5082 [07:32<5:58:35,  4.36s/it]
  3%|2         | 149/5082 [07:37<6:08:39,  4.48s/it]
  3%|2         | 150/5082 [07:41<6:13:18,  4.54s/it]
                                                    
{'loss': 0.1971, 'grad_norm': 1.6377089023590088, 'learning_rate': 9.770491803278689e-06, 'epoch': 0.09}

  3%|2         | 150/5082 [07:41<6:13:18,  4.54s/it]
  3%|2         | 151/5082 [07:47<6:35:40,  4.81s/it]
  3%|2         | 152/5082 [07:51<6:26:39,  4.71s/it]
  3%|3         | 153/5082 [07:55<5:55:36,  4.33s/it]
  3%|3         | 154/5082 [07:59<6:04:28,  4.44s/it]
  3%|3         | 155/5082 [08:03<5:45:17,  4.20s/it]
  3%|3         | 156/5082 [08:08<6:02:19,  4.41s/it]
  3%|3         | 157/5082 [08:11<5:24:26,  3.95s/it]
  3%|3         | 158/5082 [08:14<4:59:35,  3.65s/it]
  3%|3         | 159/5082 [08:17<4:53:41,  3.58s/it]
  3%|3         | 160/5082 [08:21<5:02:54,  3.69s/it]
  3%|3         | 161/5082 [08:25<4:57:18,  3.63s/it]
  3%|3         | 162/5082 [08:28<4:46:02,  3.49s/it]
  3%|3         | 163/5082 [08:30<4:21:46,  3.19s/it]
  3%|3         | 164/5082 [08:34<4:44:18,  3.47s/it]
  3%|3         | 165/5082 [08:39<5:03:15,  3.70s/it]
  3%|3         | 166/5082 [08:43<5:28:33,  4.01s/it]
  3%|3         | 167/5082 [08:48<5:46:01,  4.22s/it]
  3%|3         | 168/5082 [08:53<5:56:06,  4.35s/it]
  3%|3         | 169/5082 [08:58<6:18:30,  4.62s/it]
  3%|3         | 170/5082 [09:02<6:03:41,  4.44s/it]
  3%|3         | 171/5082 [09:05<5:30:21,  4.04s/it]
  3%|3         | 172/5082 [09:08<5:13:19,  3.83s/it]
  3%|3         | 173/5082 [09:12<4:55:00,  3.61s/it]
  3%|3         | 174/5082 [09:14<4:39:37,  3.42s/it]
  3%|3         | 175/5082 [09:19<5:07:11,  3.76s/it]
  3%|3         | 176/5082 [09:24<5:30:32,  4.04s/it]
  3%|3         | 177/5082 [09:28<5:28:39,  4.02s/it]
  4%|3         | 178/5082 [09:32<5:34:32,  4.09s/it]
  4%|3         | 179/5082 [09:36<5:27:28,  4.01s/it]
  4%|3         | 180/5082 [09:39<5:19:35,  3.91s/it]
  4%|3         | 181/5082 [09:44<5:37:30,  4.13s/it]
  4%|3         | 182/5082 [09:48<5:33:37,  4.09s/it]
  4%|3         | 183/5082 [09:52<5:35:07,  4.10s/it]
  4%|3         | 184/5082 [09:56<5:23:46,  3.97s/it]
  4%|3         | 185/5082 [09:59<5:06:31,  3.76s/it]
  4%|3         | 186/5082 [10:02<4:36:42,  3.39s/it]
  4%|3         | 187/5082 [10:06<4:48:37,  3.54s/it]
  4%|3         | 188/5082 [10:11<5:27:36,  4.02s/it]
  4%|3         | 189/5082 [10:16<5:54:43,  4.35s/it]
  4%|3         | 190/5082 [10:20<6:00:14,  4.42s/it]
  4%|3         | 191/5082 [10:26<6:18:04,  4.64s/it]
  4%|3         | 192/5082 [10:31<6:27:04,  4.75s/it]
  4%|3         | 193/5082 [10:35<6:28:48,  4.77s/it]
  4%|3         | 194/5082 [10:40<6:32:46,  4.82s/it]
  4%|3         | 195/5082 [10:45<6:25:26,  4.73s/it]
  4%|3         | 196/5082 [10:49<6:18:32,  4.65s/it]
  4%|3         | 197/5082 [10:54<6:28:24,  4.77s/it]
  4%|3         | 198/5082 [11:00<6:50:57,  5.05s/it]
  4%|3         | 199/5082 [11:06<7:16:20,  5.36s/it]
  4%|3         | 200/5082 [11:12<7:32:18,  5.56s/it]
                                                    
{'loss': 0.1133, 'grad_norm': 0.38356417417526245, 'learning_rate': 1.3049180327868853e-05, 'epoch': 0.12}

  4%|3         | 200/5082 [11:12<7:32:18,  5.56s/it]
  4%|3         | 201/5082 [11:18<7:48:15,  5.76s/it]
  4%|3         | 202/5082 [11:24<7:49:31,  5.77s/it]
  4%|3         | 203/5082 [11:28<7:06:12,  5.24s/it]
  4%|4         | 204/5082 [11:33<6:50:31,  5.05s/it]
  4%|4         | 205/5082 [11:37<6:36:11,  4.87s/it]
  4%|4         | 206/5082 [11:41<6:10:03,  4.55s/it]
  4%|4         | 207/5082 [11:46<6:16:53,  4.64s/it]
  4%|4         | 208/5082 [11:52<6:49:47,  5.04s/it]
  4%|4         | 209/5082 [11:58<7:10:42,  5.30s/it]
  4%|4         | 210/5082 [12:03<7:07:20,  5.26s/it]
  4%|4         | 211/5082 [12:07<6:45:57,  5.00s/it]
  4%|4         | 212/5082 [12:13<6:49:27,  5.04s/it]
  4%|4         | 213/5082 [12:18<6:59:55,  5.17s/it]
  4%|4         | 214/5082 [12:23<6:55:52,  5.13s/it]
  4%|4         | 215/5082 [12:28<6:58:51,  5.16s/it]
  4%|4         | 216/5082 [12:33<6:48:15,  5.03s/it]
  4%|4         | 217/5082 [12:38<6:39:58,  4.93s/it]
  4%|4         | 218/5082 [12:43<6:40:49,  4.94s/it]
  4%|4         | 219/5082 [12:48<6:58:12,  5.16s/it]
  4%|4         | 220/5082 [12:54<7:00:45,  5.19s/it]
  4%|4         | 221/5082 [12:57<6:15:57,  4.64s/it]
  4%|4         | 222/5082 [13:02<6:27:15,  4.78s/it]
  4%|4         | 223/5082 [13:06<6:10:41,  4.58s/it]
  4%|4         | 224/5082 [13:10<5:51:59,  4.35s/it]
  4%|4         | 225/5082 [13:16<6:38:35,  4.92s/it]
  4%|4         | 226/5082 [13:21<6:42:25,  4.97s/it]
  4%|4         | 227/5082 [13:27<6:53:54,  5.12s/it]
  4%|4         | 228/5082 [13:32<6:48:46,  5.05s/it]
  5%|4         | 229/5082 [13:36<6:38:50,  4.93s/it]
  5%|4         | 230/5082 [13:41<6:29:40,  4.82s/it]
  5%|4         | 231/5082 [13:45<6:15:01,  4.64s/it]
  5%|4         | 232/5082 [13:49<5:58:57,  4.44s/it]
  5%|4         | 233/5082 [13:54<6:13:18,  4.62s/it]
  5%|4         | 234/5082 [13:59<6:30:29,  4.83s/it]
  5%|4         | 235/5082 [14:05<6:43:35,  5.00s/it]
  5%|4         | 236/5082 [14:08<6:01:13,  4.47s/it]
  5%|4         | 237/5082 [14:12<6:00:05,  4.46s/it]
  5%|4         | 238/5082 [14:17<6:07:13,  4.55s/it]
  5%|4         | 239/5082 [14:23<6:37:28,  4.92s/it]
  5%|4         | 240/5082 [14:29<7:02:32,  5.24s/it]
  5%|4         | 241/5082 [14:34<6:50:11,  5.08s/it]
  5%|4         | 242/5082 [14:38<6:29:59,  4.83s/it]
  5%|4         | 243/5082 [14:42<6:17:30,  4.68s/it]
  5%|4         | 244/5082 [14:46<6:00:00,  4.46s/it]
  5%|4         | 245/5082 [14:50<5:48:00,  4.32s/it]
  5%|4         | 246/5082 [14:56<6:20:59,  4.73s/it]
  5%|4         | 247/5082 [15:01<6:22:39,  4.75s/it]
  5%|4         | 248/5082 [15:07<6:51:48,  5.11s/it]
  5%|4         | 249/5082 [15:12<6:58:30,  5.20s/it]
  5%|4         | 250/5082 [15:18<7:14:07,  5.39s/it]
                                                    
{'loss': 0.0958, 'grad_norm': 0.6266075968742371, 'learning_rate': 1.6327868852459016e-05, 'epoch': 0.15}

  5%|4         | 250/5082 [15:18<7:14:07,  5.39s/it]
  5%|4         | 251/5082 [15:25<7:47:47,  5.81s/it]
  5%|4         | 252/5082 [15:31<7:54:03,  5.89s/it]
  5%|4         | 253/5082 [15:37<8:07:52,  6.06s/it]
  5%|4         | 254/5082 [15:41<7:23:39,  5.51s/it]
  5%|5         | 255/5082 [15:48<7:44:36,  5.78s/it]
  5%|5         | 256/5082 [15:54<8:01:37,  5.99s/it]
  5%|5         | 257/5082 [16:01<8:09:01,  6.08s/it]
  5%|5         | 258/5082 [16:08<8:44:26,  6.52s/it]
  5%|5         | 259/5082 [16:14<8:36:53,  6.43s/it]
  5%|5         | 260/5082 [16:21<8:39:41,  6.47s/it]
  5%|5         | 261/5082 [16:27<8:24:31,  6.28s/it]
  5%|5         | 262/5082 [16:33<8:16:08,  6.18s/it]
  5%|5         | 263/5082 [16:39<8:21:38,  6.25s/it]
  5%|5         | 264/5082 [16:46<8:32:13,  6.38s/it]
  5%|5         | 265/5082 [16:51<7:57:09,  5.94s/it]
  5%|5         | 266/5082 [16:55<7:24:15,  5.53s/it]
  5%|5         | 267/5082 [16:59<6:26:32,  4.82s/it]
  5%|5         | 268/5082 [17:03<6:20:56,  4.75s/it]
  5%|5         | 269/5082 [17:09<6:41:31,  5.01s/it]
  5%|5         | 270/5082 [17:14<6:37:52,  4.96s/it]
  5%|5         | 271/5082 [17:19<6:55:23,  5.18s/it]
  5%|5         | 272/5082 [17:26<7:22:00,  5.51s/it]
  5%|5         | 273/5082 [17:31<7:16:24,  5.44s/it]
  5%|5         | 274/5082 [17:36<7:08:45,  5.35s/it]
  5%|5         | 275/5082 [17:41<7:03:10,  5.28s/it]
  5%|5         | 276/5082 [17:46<6:42:30,  5.03s/it]
  5%|5         | 277/5082 [17:49<6:02:33,  4.53s/it]
  5%|5         | 278/5082 [17:52<5:24:03,  4.05s/it]
  5%|5         | 279/5082 [17:56<5:38:14,  4.23s/it]
  6%|5         | 280/5082 [18:01<5:41:21,  4.27s/it]
  6%|5         | 281/5082 [18:06<5:58:48,  4.48s/it]
  6%|5         | 282/5082 [18:11<6:26:33,  4.83s/it]
  6%|5         | 283/5082 [18:17<6:35:46,  4.95s/it]
  6%|5         | 284/5082 [18:22<6:42:17,  5.03s/it]
  6%|5         | 285/5082 [18:28<7:06:55,  5.34s/it]
  6%|5         | 286/5082 [18:33<6:55:49,  5.20s/it]
  6%|5         | 287/5082 [18:38<7:01:45,  5.28s/it]
  6%|5         | 288/5082 [18:43<6:47:48,  5.10s/it]
  6%|5         | 289/5082 [18:48<6:48:46,  5.12s/it]
  6%|5         | 290/5082 [18:54<7:04:48,  5.32s/it]
  6%|5         | 291/5082 [19:00<7:29:51,  5.63s/it]
  6%|5         | 292/5082 [19:07<8:02:07,  6.04s/it]
  6%|5         | 293/5082 [19:12<7:40:02,  5.76s/it]
  6%|5         | 294/5082 [19:19<8:01:45,  6.04s/it]
  6%|5         | 295/5082 [19:26<8:26:44,  6.35s/it]
  6%|5         | 296/5082 [19:31<8:00:38,  6.03s/it]
  6%|5         | 297/5082 [19:37<7:52:09,  5.92s/it]
  6%|5         | 298/5082 [19:42<7:24:00,  5.57s/it]
  6%|5         | 299/5082 [19:48<7:26:37,  5.60s/it]
  6%|5         | 300/5082 [19:52<6:55:13,  5.21s/it]
                                                    

{'loss': 0.1004, 'grad_norm': 0.12812308967113495, 'learning_rate': 1.9606557377049183e-05, 'epoch': 0.18}
  6%|5         | 300/5082 [19:52<6:55:13,  5.21s/it]
  6%|5         | 301/5082 [19:57<6:48:15,  5.12s/it]
  6%|5         | 302/5082 [20:03<7:25:55,  5.60s/it]
  6%|5         | 303/5082 [20:10<7:56:03,  5.98s/it]
  6%|5         | 304/5082 [20:16<7:57:02,  5.99s/it]
  6%|6         | 305/5082 [20:22<7:54:55,  5.97s/it]
  6%|6         | 306/5082 [20:29<8:20:10,  6.28s/it]
  6%|6         | 307/5082 [20:36<8:28:42,  6.39s/it]
  6%|6         | 308/5082 [20:43<8:38:05,  6.51s/it]
  6%|6         | 309/5082 [20:50<8:51:51,  6.69s/it]
  6%|6         | 310/5082 [20:54<7:48:57,  5.90s/it]
  6%|6         | 311/5082 [21:00<8:02:51,  6.07s/it]
  6%|6         | 312/5082 [21:06<7:54:56,  5.97s/it]
  6%|6         | 313/5082 [21:12<7:58:36,  6.02s/it]
  6%|6         | 314/5082 [21:17<7:27:35,  5.63s/it]
  6%|6         | 315/5082 [21:23<7:29:29,  5.66s/it]
  6%|6         | 316/5082 [21:28<7:19:18,  5.53s/it]
  6%|6         | 317/5082 [21:33<7:14:33,  5.47s/it]
  6%|6         | 318/5082 [21:38<6:50:05,  5.16s/it]
  6%|6         | 319/5082 [21:42<6:19:21,  4.78s/it]
  6%|6         | 320/5082 [21:45<5:58:53,  4.52s/it]
  6%|6         | 321/5082 [21:51<6:12:30,  4.69s/it]
  6%|6         | 322/5082 [21:56<6:31:21,  4.93s/it]
  6%|6         | 323/5082 [22:02<6:53:50,  5.22s/it]
  6%|6         | 324/5082 [22:07<6:57:12,  5.26s/it]
  6%|6         | 325/5082 [22:13<6:59:20,  5.29s/it]
  6%|6         | 326/5082 [22:18<6:51:47,  5.19s/it]
  6%|6         | 327/5082 [22:23<6:57:20,  5.27s/it]
  6%|6         | 328/5082 [22:28<6:55:50,  5.25s/it]
  6%|6         | 329/5082 [22:34<7:12:52,  5.46s/it]
  6%|6         | 330/5082 [22:40<7:14:36,  5.49s/it]
  7%|6         | 331/5082 [22:45<7:06:31,  5.39s/it]
  7%|6         | 332/5082 [22:50<6:59:24,  5.30s/it]
  7%|6         | 333/5082 [22:55<7:01:55,  5.33s/it]
  7%|6         | 334/5082 [23:02<7:29:03,  5.67s/it]
  7%|6         | 335/5082 [23:08<7:33:14,  5.73s/it]
  7%|6         | 336/5082 [23:12<7:08:00,  5.41s/it]
  7%|6         | 337/5082 [23:17<6:47:15,  5.15s/it]
  7%|6         | 338/5082 [23:21<6:30:13,  4.94s/it]
  7%|6         | 339/5082 [23:27<6:34:35,  4.99s/it]
  7%|6         | 340/5082 [23:32<6:35:03,  5.00s/it]
  7%|6         | 341/5082 [23:37<6:40:01,  5.06s/it]
  7%|6         | 342/5082 [23:43<7:01:58,  5.34s/it]
  7%|6         | 343/5082 [23:49<7:17:17,  5.54s/it]
  7%|6         | 344/5082 [23:55<7:29:51,  5.70s/it]
  7%|6         | 345/5082 [24:00<7:23:42,  5.62s/it]
  7%|6         | 346/5082 [24:06<7:35:46,  5.77s/it]
  7%|6         | 347/5082 [24:11<7:04:03,  5.37s/it]
  7%|6         | 348/5082 [24:16<7:09:01,  5.44s/it]
  7%|6         | 349/5082 [24:22<7:15:58,  5.53s/it]
  7%|6         | 350/5082 [24:26<6:28:52,  4.93s/it]
                                                    
{'loss': 0.0878, 'grad_norm': 39.313716888427734, 'learning_rate': 1.9815783964831484e-05, 'epoch': 0.21}

  7%|6         | 350/5082 [24:26<6:28:52,  4.93s/it]
  7%|6         | 351/5082 [24:30<6:04:36,  4.62s/it]
  7%|6         | 352/5082 [24:34<6:07:27,  4.66s/it]
  7%|6         | 353/5082 [24:37<5:26:49,  4.15s/it]
  7%|6         | 354/5082 [24:40<5:02:25,  3.84s/it]
  7%|6         | 355/5082 [24:45<5:17:31,  4.03s/it]
  7%|7         | 356/5082 [24:48<4:55:20,  3.75s/it]
  7%|7         | 357/5082 [24:51<4:30:08,  3.43s/it]
  7%|7         | 358/5082 [24:54<4:18:12,  3.28s/it]
  7%|7         | 359/5082 [24:56<4:05:09,  3.11s/it]
  7%|7         | 360/5082 [25:00<4:17:52,  3.28s/it]
  7%|7         | 361/5082 [25:03<4:15:21,  3.25s/it]
  7%|7         | 362/5082 [25:06<4:14:16,  3.23s/it]
  7%|7         | 363/5082 [25:10<4:19:14,  3.30s/it]
  7%|7         | 364/5082 [25:14<4:50:11,  3.69s/it]
  7%|7         | 365/5082 [25:18<4:36:33,  3.52s/it]
  7%|7         | 366/5082 [25:21<4:27:18,  3.40s/it]
  7%|7         | 367/5082 [25:24<4:28:57,  3.42s/it]
  7%|7         | 368/5082 [25:27<4:25:19,  3.38s/it]
  7%|7         | 369/5082 [25:31<4:31:56,  3.46s/it]
  7%|7         | 370/5082 [25:34<4:18:27,  3.29s/it]
  7%|7         | 371/5082 [25:37<4:07:22,  3.15s/it]
  7%|7         | 372/5082 [25:39<3:54:25,  2.99s/it]
  7%|7         | 373/5082 [25:43<4:08:29,  3.17s/it]
  7%|7         | 374/5082 [25:47<4:21:59,  3.34s/it]
  7%|7         | 375/5082 [25:51<4:39:02,  3.56s/it]
  7%|7         | 376/5082 [25:54<4:39:44,  3.57s/it]
  7%|7         | 377/5082 [25:58<4:36:37,  3.53s/it]
  7%|7         | 378/5082 [26:01<4:29:59,  3.44s/it]
  7%|7         | 379/5082 [26:05<4:52:58,  3.74s/it]
  7%|7         | 380/5082 [26:09<4:46:49,  3.66s/it]
  7%|7         | 381/5082 [26:13<4:46:19,  3.65s/it]
  8%|7         | 382/5082 [26:16<4:41:23,  3.59s/it]
  8%|7         | 383/5082 [26:20<4:46:45,  3.66s/it]
  8%|7         | 384/5082 [26:23<4:45:41,  3.65s/it]
  8%|7         | 385/5082 [26:27<4:48:15,  3.68s/it]
  8%|7         | 386/5082 [26:32<5:08:55,  3.95s/it]
  8%|7         | 387/5082 [26:36<5:04:53,  3.90s/it]
  8%|7         | 388/5082 [26:40<5:07:55,  3.94s/it]
  8%|7         | 389/5082 [26:44<5:11:35,  3.98s/it]
  8%|7         | 390/5082 [26:48<5:23:00,  4.13s/it]
  8%|7         | 391/5082 [26:52<5:20:16,  4.10s/it]
  8%|7         | 392/5082 [26:57<5:26:45,  4.18s/it]
  8%|7         | 393/5082 [27:00<5:20:58,  4.11s/it]
  8%|7         | 394/5082 [27:04<5:09:36,  3.96s/it]
  8%|7         | 395/5082 [27:08<5:03:45,  3.89s/it]
  8%|7         | 396/5082 [27:12<5:13:46,  4.02s/it]
  8%|7         | 397/5082 [27:16<5:01:18,  3.86s/it]
  8%|7         | 398/5082 [27:19<4:58:40,  3.83s/it]
  8%|7         | 399/5082 [27:24<5:06:44,  3.93s/it]
  8%|7         | 400/5082 [27:27<4:48:22,  3.70s/it]
                                                    
{'loss': 0.1345, 'grad_norm': 11.427361488342285, 'learning_rate': 1.96064475612309e-05, 'epoch': 0.24}

  8%|7         | 400/5082 [27:27<4:48:22,  3.70s/it]
  8%|7         | 401/5082 [27:31<5:08:59,  3.96s/it]
  8%|7         | 402/5082 [27:34<4:41:46,  3.61s/it]
  8%|7         | 403/5082 [27:37<4:23:15,  3.38s/it]
  8%|7         | 404/5082 [27:40<4:23:50,  3.38s/it]
  8%|7         | 405/5082 [27:44<4:27:15,  3.43s/it]
  8%|7         | 406/5082 [27:47<4:20:31,  3.34s/it]
  8%|8         | 407/5082 [27:50<4:12:17,  3.24s/it]
  8%|8         | 408/5082 [27:53<4:06:32,  3.16s/it]
  8%|8         | 409/5082 [27:56<4:06:05,  3.16s/it]
  8%|8         | 410/5082 [28:01<4:38:48,  3.58s/it]
  8%|8         | 411/5082 [28:05<4:50:13,  3.73s/it]
  8%|8         | 412/5082 [28:08<4:40:28,  3.60s/it]
  8%|8         | 413/5082 [28:11<4:27:24,  3.44s/it]
  8%|8         | 414/5082 [28:14<4:24:28,  3.40s/it]
  8%|8         | 415/5082 [28:17<4:10:58,  3.23s/it]
  8%|8         | 416/5082 [28:21<4:30:16,  3.48s/it]
  8%|8         | 417/5082 [28:26<4:49:16,  3.72s/it]
  8%|8         | 418/5082 [28:29<4:32:55,  3.51s/it]
  8%|8         | 419/5082 [28:32<4:20:13,  3.35s/it]
  8%|8         | 420/5082 [28:36<4:44:04,  3.66s/it]
  8%|8         | 421/5082 [28:40<4:57:35,  3.83s/it]
  8%|8         | 422/5082 [28:44<5:04:37,  3.92s/it]
  8%|8         | 423/5082 [28:49<5:18:26,  4.10s/it]
  8%|8         | 424/5082 [28:54<5:40:33,  4.39s/it]
  8%|8         | 425/5082 [28:57<5:11:12,  4.01s/it]
  8%|8         | 426/5082 [29:01<5:04:00,  3.92s/it]
  8%|8         | 427/5082 [29:04<4:40:12,  3.61s/it]
  8%|8         | 428/5082 [29:07<4:35:43,  3.55s/it]
  8%|8         | 429/5082 [29:11<4:38:34,  3.59s/it]
  8%|8         | 430/5082 [29:14<4:22:00,  3.38s/it]
  8%|8         | 431/5082 [29:16<4:06:58,  3.19s/it]
  9%|8         | 432/5082 [29:19<4:00:59,  3.11s/it]
  9%|8         | 433/5082 [29:24<4:35:27,  3.56s/it]
  9%|8         | 434/5082 [29:28<4:49:52,  3.74s/it]
  9%|8         | 435/5082 [29:33<5:10:00,  4.00s/it]
  9%|8         | 436/5082 [29:36<5:03:09,  3.92s/it]
  9%|8         | 437/5082 [29:40<4:59:25,  3.87s/it]
  9%|8         | 438/5082 [29:44<5:01:53,  3.90s/it]
  9%|8         | 439/5082 [29:47<4:35:31,  3.56s/it]
  9%|8         | 440/5082 [29:51<4:42:37,  3.65s/it]
  9%|8         | 441/5082 [29:54<4:37:14,  3.58s/it]
  9%|8         | 442/5082 [29:58<4:34:38,  3.55s/it]
  9%|8         | 443/5082 [30:01<4:25:16,  3.43s/it]
  9%|8         | 444/5082 [30:04<4:15:42,  3.31s/it]
  9%|8         | 445/5082 [30:08<4:32:51,  3.53s/it]
  9%|8         | 446/5082 [30:12<4:36:53,  3.58s/it]
  9%|8         | 447/5082 [30:15<4:38:46,  3.61s/it]
  9%|8         | 448/5082 [30:18<4:23:49,  3.42s/it]
  9%|8         | 449/5082 [30:21<4:17:16,  3.33s/it]
  9%|8         | 450/5082 [30:25<4:16:11,  3.32s/it]
                                                    
{'loss': 0.0687, 'grad_norm': 0.26422813534736633, 'learning_rate': 1.9397111157630312e-05, 'epoch': 0.27}

  9%|8         | 450/5082 [30:25<4:16:11,  3.32s/it]
  9%|8         | 451/5082 [30:28<4:07:52,  3.21s/it]
  9%|8         | 452/5082 [30:31<4:05:32,  3.18s/it]
  9%|8         | 453/5082 [30:34<4:08:09,  3.22s/it]
  9%|8         | 454/5082 [30:40<5:02:08,  3.92s/it]
  9%|8         | 455/5082 [30:43<4:58:10,  3.87s/it]
  9%|8         | 456/5082 [30:46<4:40:26,  3.64s/it]
  9%|8         | 457/5082 [30:50<4:45:15,  3.70s/it]
  9%|9         | 458/5082 [31:35<20:34:50, 16.02s/it]
  9%|9         | 459/5082 [31:46<18:41:47, 14.56s/it]
  9%|9         | 460/5082 [31:50<14:40:46, 11.43s/it]
  9%|9         | 461/5082 [31:54<11:34:56,  9.02s/it]
  9%|9         | 462/5082 [32:17<17:14:56, 13.44s/it]
  9%|9         | 463/5082 [32:43<21:55:54, 17.09s/it]
  9%|9         | 464/5082 [32:46<16:29:20, 12.85s/it]
  9%|9         | 465/5082 [32:49<12:33:54,  9.80s/it]
  9%|9         | 466/5082 [32:51<9:46:33,  7.62s/it] 
  9%|9         | 467/5082 [32:54<7:55:04,  6.18s/it]
  9%|9         | 468/5082 [32:56<6:26:51,  5.03s/it]
  9%|9         | 469/5082 [32:59<5:33:23,  4.34s/it]
  9%|9         | 470/5082 [33:02<4:53:55,  3.82s/it]
  9%|9         | 471/5082 [33:05<4:31:38,  3.53s/it]
  9%|9         | 472/5082 [33:07<4:08:00,  3.23s/it]
  9%|9         | 473/5082 [33:10<3:56:04,  3.07s/it]
  9%|9         | 474/5082 [33:13<4:01:18,  3.14s/it]
  9%|9         | 475/5082 [33:16<3:54:03,  3.05s/it]
  9%|9         | 476/5082 [33:19<3:44:55,  2.93s/it]
  9%|9         | 477/5082 [33:22<3:53:00,  3.04s/it]
  9%|9         | 478/5082 [33:25<3:47:26,  2.96s/it]
  9%|9         | 479/5082 [33:27<3:35:15,  2.81s/it]
  9%|9         | 480/5082 [33:30<3:44:08,  2.92s/it]
  9%|9         | 481/5082 [33:36<4:43:53,  3.70s/it]
  9%|9         | 482/5082 [33:41<5:11:09,  4.06s/it]
 10%|9         | 483/5082 [33:46<5:41:00,  4.45s/it]
 10%|9         | 484/5082 [33:51<5:45:43,  4.51s/it]
 10%|9         | 485/5082 [33:56<6:10:08,  4.83s/it]
 10%|9         | 486/5082 [34:02<6:20:57,  4.97s/it]
 10%|9         | 487/5082 [34:07<6:31:01,  5.11s/it]
 10%|9         | 488/5082 [34:11<5:52:42,  4.61s/it]
 10%|9         | 489/5082 [34:13<5:14:01,  4.10s/it]
 10%|9         | 490/5082 [34:16<4:44:28,  3.72s/it]
 10%|9         | 491/5082 [34:19<4:23:09,  3.44s/it]
 10%|9         | 492/5082 [34:22<4:12:58,  3.31s/it]
 10%|9         | 493/5082 [34:25<4:06:50,  3.23s/it]
 10%|9         | 494/5082 [34:28<3:57:45,  3.11s/it]
 10%|9         | 495/5082 [34:31<3:49:15,  3.00s/it]
 10%|9         | 496/5082 [34:34<3:50:10,  3.01s/it]
 10%|9         | 497/5082 [34:37<3:45:43,  2.95s/it]
 10%|9         | 498/5082 [34:40<3:49:42,  3.01s/it]
 10%|9         | 499/5082 [34:43<3:50:05,  3.01s/it]
 10%|9         | 500/5082 [34:46<3:59:05,  3.13s/it]
                                                    
{'loss': 0.118, 'grad_norm': 0.1358105093240738, 'learning_rate': 1.9187774754029727e-05, 'epoch': 0.3}

 10%|9         | 500/5082 [34:46<3:59:05,  3.13s/it]
 10%|9         | 501/5082 [34:49<4:02:29,  3.18s/it]
 10%|9         | 502/5082 [34:54<4:24:39,  3.47s/it]
 10%|9         | 503/5082 [34:58<4:56:05,  3.88s/it]
 10%|9         | 504/5082 [35:06<6:12:28,  4.88s/it]
 10%|9         | 505/5082 [35:10<6:12:03,  4.88s/it]
 10%|9         | 506/5082 [35:16<6:22:00,  5.01s/it]
 10%|9         | 507/5082 [35:21<6:33:32,  5.16s/it]
 10%|9         | 508/5082 [35:27<6:54:20,  5.44s/it]
 10%|#         | 509/5082 [35:37<8:34:00,  6.74s/it]
 10%|#         | 510/5082 [35:42<7:49:34,  6.16s/it]
 10%|#         | 511/5082 [35:47<7:16:48,  5.73s/it]
 10%|#         | 512/5082 [35:52<6:56:32,  5.47s/it]
 10%|#         | 513/5082 [35:57<6:48:01,  5.36s/it]
 10%|#         | 514/5082 [36:01<6:34:42,  5.18s/it]
 10%|#         | 515/5082 [36:06<6:26:25,  5.08s/it]
 10%|#         | 516/5082 [36:11<6:28:01,  5.10s/it]
 10%|#         | 517/5082 [36:16<6:21:07,  5.01s/it]
 10%|#         | 518/5082 [36:21<6:19:27,  4.99s/it]
 10%|#         | 519/5082 [36:26<6:27:11,  5.09s/it]
 10%|#         | 520/5082 [36:31<6:23:58,  5.05s/it]
 10%|#         | 521/5082 [36:39<7:22:27,  5.82s/it]
 10%|#         | 522/5082 [36:45<7:24:47,  5.85s/it]
 10%|#         | 523/5082 [36:49<6:40:56,  5.28s/it]
 10%|#         | 524/5082 [36:52<5:47:57,  4.58s/it]
 10%|#         | 525/5082 [36:56<5:27:01,  4.31s/it]
 10%|#         | 526/5082 [36:59<5:06:01,  4.03s/it]
 10%|#         | 527/5082 [37:02<4:53:28,  3.87s/it]
 10%|#         | 528/5082 [37:06<4:41:33,  3.71s/it]
 10%|#         | 529/5082 [37:09<4:29:06,  3.55s/it]
 10%|#         | 530/5082 [37:12<4:23:15,  3.47s/it]
 10%|#         | 531/5082 [37:18<5:19:58,  4.22s/it]
 10%|#         | 532/5082 [40:22<73:16:09, 57.97s/it]
