Device: cuda
Train batch=1  grad_accum=16  (effective batch=16)
C:\Users\nvt\AppData\Local\Temp\pids-bench-deberta-20261002\Lib\site-packages\transformers\convert_slow_tokenizer.py:564: UserWarning: The sentencepiece tokenizer that you are converting to a fast tokenizer uses the byte fallback option which is not implemented in the fast tokenizers. In practice this means that the fast version of the tokenizer can produce unknown tokens whereas the sentencepiece version would have converted these unknown tokens into a sequence of byte tokens matching the original piece of text.
  warnings.warn(

Map:   0%|          | 0/27093 [00:00<?, ? examples/s]
Map:   4%|3         | 1000/27093 [00:01<00:39, 655.90 examples/s]
Map:   7%|7         | 2000/27093 [00:02<00:36, 683.63 examples/s]
Map:  11%|#1        | 3000/27093 [00:05<00:43, 556.68 examples/s]
Map:  15%|#4        | 4000/27093 [00:07<00:47, 486.03 examples/s]
Map:  18%|#8        | 5000/27093 [00:09<00:43, 511.76 examples/s]
Map:  22%|##2       | 6000/27093 [00:11<00:39, 531.11 examples/s]
Map:  26%|##5       | 7000/27093 [00:13<00:37, 529.93 examples/s]
Map:  30%|##9       | 8000/27093 [00:14<00:31, 599.10 examples/s]
Map:  33%|###3      | 9000/27093 [00:15<00:27, 664.37 examples/s]
Map:  37%|###6      | 10000/27093 [00:16<00:23, 718.88 examples/s]
Map:  41%|####      | 11000/27093 [00:17<00:21, 756.55 examples/s]
Map:  44%|####4     | 12000/27093 [00:18<00:19, 765.96 examples/s]
Map:  48%|####7     | 13000/27093 [00:20<00:18, 778.95 examples/s]
Map:  52%|#####1    | 14000/27093 [00:21<00:16, 771.12 examples/s]
Map:  55%|#####5    | 15000/27093 [00:23<00:18, 654.65 examples/s]
Map:  59%|#####9    | 16000/27093 [00:25<00:18, 594.05 examples/s]
Map:  63%|######2   | 17000/27093 [00:26<00:15, 645.00 examples/s]
Map:  66%|######6   | 18000/27093 [00:28<00:13, 661.99 examples/s]
Map:  70%|#######   | 19000/27093 [00:30<00:13, 620.67 examples/s]
Map:  74%|#######3  | 20000/27093 [00:31<00:11, 619.67 examples/s]
Map:  78%|#######7  | 21000/27093 [00:33<00:09, 613.20 examples/s]
Map:  81%|########1 | 22000/27093 [00:35<00:08, 585.91 examples/s]
Map:  85%|########4 | 23000/27093 [00:37<00:07, 574.33 examples/s]
Map:  89%|########8 | 24000/27093 [00:39<00:05, 553.42 examples/s]
Map:  92%|#########2| 25000/27093 [00:40<00:03, 557.24 examples/s]
Map:  96%|#########5| 26000/27093 [00:42<00:01, 569.38 examples/s]
Map: 100%|#########9| 27000/27093 [00:44<00:00, 590.28 examples/s]
Map: 100%|##########| 27093/27093 [00:44<00:00, 575.04 examples/s]
Map: 100%|##########| 27093/27093 [00:44<00:00, 611.43 examples/s]

Map:   0%|          | 0/3989 [00:00<?, ? examples/s]
Map:  25%|##5       | 1000/3989 [00:01<00:03, 856.42 examples/s]
Map:  50%|#####     | 2000/3989 [00:02<00:02, 763.92 examples/s]
Map:  75%|#######5  | 3000/3989 [00:04<00:01, 654.02 examples/s]
Map: 100%|##########| 3989/3989 [00:06<00:00, 613.75 examples/s]
Map: 100%|##########| 3989/3989 [00:06<00:00, 649.23 examples/s]

Map:   0%|          | 0/3918 [00:00<?, ? examples/s]
Map:  26%|##5       | 1000/3918 [00:02<00:06, 426.57 examples/s]
Map:  51%|#####1    | 2000/3918 [00:04<00:04, 457.73 examples/s]
Map:  77%|#######6  | 3000/3918 [00:06<00:01, 474.91 examples/s]
Map: 100%|##########| 3918/3918 [00:08<00:00, 488.02 examples/s]
Map: 100%|##########| 3918/3918 [00:08<00:00, 474.96 examples/s]
`torch_dtype` is deprecated! Use `dtype` instead!
Some weights of DebertaV2ForSequenceClassification were not initialized from the model checkpoint at microsoft/deberta-v3-base and are newly initialized: ['classifier.bias', 'classifier.weight', 'pooler.dense.bias', 'pooler.dense.weight']
You should probably TRAIN this model on a down-stream task to be able to use it for predictions and inference.

  0%|          | 0/5082 [00:00<?, ?it/s]
  0%|          | 1/5082 [00:08<11:49:54,  8.38s/it]
  0%|          | 2/5082 [00:18<13:37:47,  9.66s/it]
  0%|          | 3/5082 [00:26<12:27:00,  8.82s/it]
  0%|          | 4/5082 [00:31<10:14:58,  7.27s/it]
  0%|          | 5/5082 [00:36<9:14:36,  6.55s/it] 
  0%|          | 6/5082 [00:43<9:07:48,  6.48s/it]
  0%|          | 7/5082 [00:52<10:22:52,  7.36s/it]
  0%|          | 8/5082 [00:58<9:44:28,  6.91s/it] 
  0%|          | 9/5082 [01:08<11:12:05,  7.95s/it]
  0%|          | 10/5082 [01:17<11:43:04,  8.32s/it]
  0%|          | 11/5082 [01:28<12:35:15,  8.94s/it]
  0%|          | 12/5082 [01:36<12:20:56,  8.77s/it]
  0%|          | 13/5082 [01:44<12:07:17,  8.61s/it]
  0%|          | 14/5082 [01:53<12:18:00,  8.74s/it]
  0%|          | 15/5082 [02:05<13:40:35,  9.72s/it]
  0%|          | 16/5082 [02:17<14:30:41, 10.31s/it]
  0%|          | 17/5082 [02:28<15:00:48, 10.67s/it]
  0%|          | 18/5082 [02:40<15:24:44, 10.96s/it]
  0%|          | 19/5082 [02:52<15:47:37, 11.23s/it]
  0%|          | 20/5082 [03:04<16:08:48, 11.48s/it]
  0%|          | 21/5082 [03:15<16:02:38, 11.41s/it]
  0%|          | 22/5082 [03:27<16:16:26, 11.58s/it]
  0%|          | 23/5082 [03:37<15:36:25, 11.11s/it]
  0%|          | 24/5082 [03:48<15:38:57, 11.14s/it]
  0%|          | 25/5082 [03:59<15:29:25, 11.03s/it]
  1%|          | 26/5082 [04:10<15:12:26, 10.83s/it]
  1%|          | 27/5082 [04:20<14:59:58, 10.68s/it]
  1%|          | 28/5082 [04:30<14:51:03, 10.58s/it]
  1%|          | 29/5082 [04:37<13:24:56,  9.56s/it]
  1%|          | 30/5082 [04:44<12:03:35,  8.59s/it]
  1%|          | 31/5082 [04:52<11:43:07,  8.35s/it]
