Device: cuda
Train batch=1  grad_accum=16  (effective batch=16)
Xet Storage is enabled for this repo, but the 'hf_xet' package is not installed. Falling back to regular HTTP download. For better performance, install the package with: `pip install huggingface_hub[hf_xet]` or `pip install hf_xet`
Traceback (most recent call last):
  File "C:\Users\nvt\AppData\Local\Temp\pids-bench-deberta-20261002\Lib\site-packages\transformers\tokenization_utils_base.py", line 2343, in _from_pretrained
    tokenizer = cls(*init_inputs, **init_kwargs)
                ^^^^^^^^^^^^^^^^^^^^^^^^^^^^^^^^
  File "C:\Users\nvt\AppData\Local\Temp\pids-bench-deberta-20261002\Lib\site-packages\transformers\models\deberta_v2\tokenization_deberta_v2_fast.py", line 103, in __init__
    super().__init__(
  File "C:\Users\nvt\AppData\Local\Temp\pids-bench-deberta-20261002\Lib\site-packages\transformers\tokenization_utils_fast.py", line 120, in __init__
    fast_tokenizer = convert_slow_tokenizer(slow_tokenizer)
                     ^^^^^^^^^^^^^^^^^^^^^^^^^^^^^^^^^^^^^^
  File "C:\Users\nvt\AppData\Local\Temp\pids-bench-deberta-20261002\Lib\site-packages\transformers\convert_slow_tokenizer.py", line 1775, in convert_slow_tokenizer
    return converter_class(transformer_tokenizer).converted()
           ^^^^^^^^^^^^^^^^^^^^^^^^^^^^^^^^^^^^^^
  File "C:\Users\nvt\AppData\Local\Temp\pids-bench-deberta-20261002\Lib\site-packages\transformers\convert_slow_tokenizer.py", line 551, in __init__
    requires_backends(self, "protobuf")
  File "C:\Users\nvt\AppData\Local\Temp\pids-bench-deberta-20261002\Lib\site-packages\transformers\utils\import_utils.py", line 2143, in requires_backends
    raise ImportError("".join(failed))
ImportError: 
DebertaV2Converter requires the protobuf library but it was not found in your environment. Check out the instructions on the
installation page of its repo: https://github.com/protocolbuffers/protobuf/tree/master/python#installation and follow the ones
that match your environment. Please note that you may need to restart your runtime after installation.


During handling of the above exception, another exception occurred:

Traceback (most recent call last):
  File "D:\Work\Do-an\workspaces\truongnv\reports\experiment_reports\pids_bench_two_tier_evidence_matrix_2026-10-02\run_pinned_deberta.py", line 138, in <module>
    main()
  File "D:\Work\Do-an\workspaces\truongnv\reports\experiment_reports\pids_bench_two_tier_evidence_matrix_2026-10-02\run_pinned_deberta.py", line 125, in main
    namespace["run_train"](
  File "D:\Work\Do-an\workspaces\truongnv\replications\PIDS_Bench_Shire_IEEEAccess2026\upstream\src\baselines\deberta_v3.py", line 244, in run_train
    tok   = AutoTokenizer.from_pretrained(MODEL_NAME, use_fast=True)
            ^^^^^^^^^^^^^^^^^^^^^^^^^^^^^^^^^^^^^^^^^^^^^^^^^^^^^^^^
  File "C:\Users\nvt\AppData\Local\Temp\pids-bench-deberta-20261002\Lib\site-packages\transformers\models\auto\tokenization_auto.py", line 1159, in from_pretrained
    return tokenizer_class_fast.from_pretrained(pretrained_model_name_or_path, *inputs, **kwargs)
           ^^^^^^^^^^^^^^^^^^^^^^^^^^^^^^^^^^^^^^^^^^^^^^^^^^^^^^^^^^^^^^^^^^^^^^^^^^^^^^^^^^^^^^
  File "C:\Users\nvt\AppData\Local\Temp\pids-bench-deberta-20261002\Lib\site-packages\transformers\tokenization_utils_base.py", line 2097, in from_pretrained
    return cls._from_pretrained(
           ^^^^^^^^^^^^^^^^^^^^^
  File "C:\Users\nvt\AppData\Local\Temp\pids-bench-deberta-20261002\Lib\site-packages\transformers\tokenization_utils_base.py", line 2344, in _from_pretrained
    except import_protobuf_decode_error():
           ^^^^^^^^^^^^^^^^^^^^^^^^^^^^^^
  File "C:\Users\nvt\AppData\Local\Temp\pids-bench-deberta-20261002\Lib\site-packages\transformers\tokenization_utils_base.py", line 87, in import_protobuf_decode_error
    raise ImportError(PROTOBUF_IMPORT_ERROR.format(error_message))
ImportError: 
 requires the protobuf library but it was not found in your environment. Check out the instructions on the
installation page of its repo: https://github.com/protocolbuffers/protobuf/tree/master/python#installation and follow the ones
that match your environment. Please note that you may need to restart your runtime after installation.

